==============================================================================
GAP-186  議事録の抽出項目を「確認して採用」→ 要件・タスク・決定 (実 PostgreSQL)
==============================================================================
project=ed11621d-ea1f-452d-8e03-a6e1c3f331dd

── 1. 採用できる項目 (反映先を持つ 4 種だけ)
   requirement    : 3 件  ['問い合わせフォームに自動返信', 'スマホ表示を優先', '公開後に自分たちで文言を直せる']
   action         : 1 件  ['見積ドラフト作成']
   decision       : 1 件  ['構成は A 案で確定']
   open_question  : 1 件  ['写真素材は誰が用意するか']
   リスク・数値・議題は出さない: True

── 2. 一覧を見ただけでは実データは 1 件も増えない (自動反映しない)
   タスク 0 件 / 決定 0 件

── 3. 人が選んだ 3 件だけを採用する (必須要件・アクション・決定)
   結果: タスク 2 件・決定・未決 1 件 を作成しました。
   タスク 2 件 / 決定 1 件  (選んでいない 3 件は作られていない)

   作られたタスク:
     - 問い合わせフォームに自動返信  [feature / 優先度 high / 要件（議事録）]
         送信後にサンクスメールを自動送信する
         議事録の該当箇所: 「自動返信は絶対に欲しいです」
         工数は議事録に書かれていないため未確定です。分解時に見直してください。
     - 見積ドラフト作成  [feature / 優先度 medium / アクション（議事録）]
         担当（議事録での発言）: ワンダ
         期限（議事録での発言）: 今週金曜
         議事録の該当箇所: 「金曜までに見積もりをください」
         工数は議事録に書かれていないため未確定です。分解時に見直してください。

   作られた決定:
     - [decided] 出典=議事録: 打合せ_20260820.mp3 / 人が決めた=True
         構成は A 案で確定
         トップ + 問い合わせの 2 ページ構成
         決めた人（議事録での発言）: 田中
         議事録の該当箇所: 「じゃあ A 案でいきましょう」

── 4. もう一度同じものを押しても増えない
   結果: 1 件はすでに採用済みのため作成していません。
   タスク 2 件 / 決定 1 件  (増えていない: True)

── 5. 採用済みは一覧で分かり、反映先へ辿れる
   [済] 問い合わせフォームに自動返信               → task d4968b52
   [  ] スマホ表示を優先                     （未反映）
   [  ] 公開後に自分たちで文言を直せる              （未反映）
   [済] 見積ドラフト作成                     → task 199f102d
   [済] 構成は A 案で確定                   → decision 751741f4
   [  ] 写真素材は誰が用意するか                 （未反映）

── 6. 追跡: この要件はどの議事録から来たか
   requirement     → task      出典: 打合せ_20260820.mp3
   action          → task      出典: 打合せ_20260820.mp3
   decision        → decision  出典: 打合せ_20260820.mp3

── 7. 存在しない項目を指定されたら、黙って無視せず正直に返す
   結果: 1 件は議事録側に見つからず採用できませんでした。
   missing: ['requirement:でたらめな要件']

==============================================================================
結論: 議事録の抽出はそのままでは何も変えない。人が引用を見て選んだものだけが
      タスク・決定になり、本文には引用が残るので後から照合できる。
      二重採用では増えず、どの議事録から来たかも辿れる。
==============================================================================
