==========================================================
 GAP-207 実 e2e — 実ブラウザ (Chromium)
 実行: 2026-08-22 12:55:10 UTC
 web=http://localhost:3100 (next start / 本番ビルド)
 API=http://127.0.0.1:8123 (uvicorn)
 DB =postgresql://postgres@/postgres?host=/tmp&port=54322
==========================================================

[seed] ワークスペースが無い人 / ある人 を 1 人ずつ作る
       new(ws無し)=28f98c3f-371e-4d04-9286-0d9c7a2cc9e4
       old(ws有り)=a702f886-d20e-483c-b937-bee997727fb1 / ws=7f1202af-8aa0-4588-8403-0ec2c8c8f3e0

[1] ワークスペースが無い人: 押しても何もできない nav を出さない
  OK   ワークスペース作成のオンボーディングが出ている
  OK   サイドバーの「プロジェクト」を出していない
  OK   サイドバーの「AI社員」を出していない
  OK   サイドバーの「ナレッジ」を出していない
  OK   サイドバーの「テンプレート」を出していない
  OK   サイドバーの「承認待ち」を出していない
  OK   サイドバーの「WS設定」を出していない
  OK   中身の無いワークスペースピルを出していない
  OK   検索を出していない（探すものがまだ無い）
  OK   通知センターを出していない（承認するものがまだ無い）
  OK   ヘッダーが空にならないようロゴは残っている
[2] ワークスペースを作ったら、その場で出る
  OK   作成した直後にサイドバーが出た（再読み込み不要）
  OK   ワークスペースピルも出た
  OK   検索も戻った
[3] 既存ユーザー（ワークスペースあり）は今までどおり
  OK   「プロジェクト」が出ている
  OK   「AI社員」が出ている
  OK   「ナレッジ」が出ている
  OK   「テンプレート」が出ている
  OK   「承認待ち」が出ている
  OK   「WS設定」が出ている

PASS: 使えないときは出さない / 使えるようになったら出る

[DB] 実際にワークスペースが作られたか (画面の言い分ではなく DB を見る)
E2E ワークスペース / owner=28f98c3f-371e-4d04-9286-0d9c7a2cc9e4
  → exit=0
