[1] 上限を超えた人は **断られずに並ぶ**
  OK   上限 2 本まで埋まった
  OK   順番待ちが届いた（実際 queued）
  OK   現在地が入っている（1 番目）
  OK   実測が無いうちは目安を出さない（数字を作らない）
  OK   **断っていない**（503 を返していない）
  OK   列に 1 人並んでいる
[2] 前の人が終わったら、並んでいた人がそのまま本文を受け取る
  OK   本文が流れ始めた（実際 b'data: {"type": "start"}\n\n'）
  OK   列が空になった
  OK   全部返った

[3] 待っている途中で画面を閉じても席が減らない
  OK   並んでいる
  OK   列から外れた（残り続けない）
  OK   席は 2 本とも戻っている

[4] 列まで一杯のときだけ断る（そのときも日本語で理由を返す）
  OK   error として返る
  OK   日本語で理由が届く: ただいま大変混み合っています。時間をおいてもう一度お試しください。（お客様の文章は消えていません）
  OK   **打った文章が消えていないこと**も伝えている
  OK   断った回数が記録される（運営が見える）

[5] 実行時間を実測したら、目安が出るようになる
  OK   材料が無いうちは目安を出さない
  OK   実測が溜まったら目安が出る（0.20293912299985095）
  OK   0 秒などの嘘の値にならない

PASS: 断らず並ぶ / そのまま通る / 閉じても席が返る / 断るときも日本語 を実測
