使う人: journey-152920@example.com

[1] 新規登録 — 何も持っていない人が入り口に立つ
  OK   サインイン画面に「新規登録」がある
  OK   登録ボタンがある
     登録後の URL: http://127.0.0.1:3100/projects
  OK   登録が通ってサインイン画面から抜ける

[2] まだワークスペースが無い状態 — 死んだ入り口を出していないか (GAP-207)
  OK   ワークスペースが無いうちはサイドバーを出していない

[3] ワークスペースを作る
     URL: http://127.0.0.1:3100/projects
  OK   **再読み込みせずに**サイドバーが出る (GAP-207 で直した所)
  OK   アカウントメニューが出る (GAP-209)

[4] プロジェクトを作る
  OK   プロジェクト一覧に作成の導線がある
  OK   作ったプロジェクトが一覧に出る

[5] 工程 — プロジェクトを作ると 9 工程が自動で用意されるか
     URL: http://127.0.0.1:3100/projects/dashboard?project=3eb8f53c-26e1-4cfc-bbd4-10c915d2db2d
     工程画面: プライバシーポリシー・利用規約を更新しました。内容をご確認のうえ、同意をお願いします。 プライバシーポリシーを読む 利用規約を読む 同意する 工程ワークフロー 1 ヒアリング 進行中 2 要件定義 待機 3 アーキ設計 待機 4 デザイン 待機 5 機能分解 待機 6 タスク分解 待機 7 実装 待機 8 検証 待機 
  OK   工程画面が何かを表示している (空白のままにしない)

[6] 主要画面を順に開いて、壊れていないか
  OK   タスク (/tasks) が中身つきで開き、ナビもある
  OK   ナレッジ (/knowledge) が中身つきで開き、ナビもある
  NG   テンプレート (/templates) が中身つきで開き、ナビもある
  OK   承認待ち (/approvals) が中身つきで開き、ナビもある
  OK   AI社員 (/employees) が中身つきで開き、ナビもある

[7] 出る — サインアウト (GAP-209)
  OK   メニューにサインアウトがある
  OK   押すとサインイン画面に着地する
  OK   cookie が消えている

[8] 戻る — 同じ人でサインインし直すと、作ったものが残っている
  OK   同じ email + password でサインインできる
  OK   **作ったプロジェクトが残っている**

JS エラー: 0 件 
  OK   通しのあいだ JS エラーが出ない

使った email: journey-152920@example.com
FAIL: 1 件
