== 実測日時: 2026-08-25 14:47 UTC ==

[1] API — 7/18 以降に足した口が在るか (401/403/422=在る / 404=無い)
  /auth/signout              POST -> 404  GAP-209 (2026-08-25)
  /billing/portal            POST -> 404  GAP-208 (2026-08-22) 解約導線
  /me/consents               GET  -> 404  GAP-206 (2026-08-22) 再同意
  /admin/health              GET  -> 404  GAP-182 (8月上旬) 運営ヘルス
  /bridge/sessions           POST -> 404  GAP-134 (7月下旬) Bridge 経路
  --- 対照 (7/18 時点で在った) ---
  /auth/signin               POST -> 422  6月から在る
  /health                    GET  -> 200  最初から在る

[2] 画面 — 生死と、7/18 以降に足したものが在るか
  /signin                         -> 200  公開ページ
  /robots.txt                     -> 404  GAP-204 (2026-08-21) で追加。404 の HTML が返るなら未反映

[3] 画面 — サイドバーの項目 (テンプレートは GAP-154 = 8月に追加)
プロジェクト AI社員 チャット タスク 工程 ナレッジ 承認待ち 議事録 WS設定 

[4] 公開されている法務ページの中身 (認証不要 = 誰でも読める)
  --- /tokushoho ---
    メインコンテンツへスキップ A Atelier プロジェクト AI社員 チャット タスク 工程 ナレッジ 承認待ち 議事録 WS設定 ワ ワークスペース Q 特定商取引法に基づく表記 販売事業者 株式会社 Atelier 所在地 東京都(請求により遅滞なく開示します) 代表者 代表取締役 問い合わせ先 info@example.com 販売価格 各プランページに表示の通り 支払方法 クレジットカード(Stripe) 役務提供時期 決済完了後、即時 返金・キャンセル 月額プランは日割り返金なし。年額プランは未使用残月分を返金可。詳細はプライバシーポリシー参照。
  --- /terms ---
    メインコンテンツへスキップ A Atelier プロジェクト AI社員 チャット タスク 工程 ナレッジ 承認待ち 議事録 WS設定 ワ ワークスペース Q 利用規約 本規約は、Atelier(以下「本サービス」)の利用条件を定めるものです。 第 1 条 (適用) 本規約は、ユーザーと運営者との間の本サービスの利用に関わる一切の関係に適用されます。 第 2 条 (利用登録) 登録希望者が本規約に同意のうえ、所定の方法で申請するものとします。 第 3 条 (AI 学習) 顧客データの AI 学習利用は 既定で OFF です。明示的に有効化された場合のみ利用します。 第 4 条 (退会) 退会後 30 日間は復元可能なグレース期間とし、その後完全削除されます。
  --- /privacy ---
    メインコンテンツへスキップ A Atelier プロジェクト AI社員 チャット タスク 工程 ナレッジ 承認待ち 議事録 WS設定 ワ ワークスペース Q プライバシーポリシー 1. 取得する情報 メールアドレス、表示名、アクセスログ、操作履歴、決済情報など。 2. 利用目的 本サービスの提供、品質改善、不正利用の防止、法令遵守。 3. 第三者提供 法令に基づく場合を除き、本人同意なく第三者へ提供しません。 4. AI 学習 顧客データの AI 学習利用は 既定で OFF です。 有効化はワークスペース単位の opt-in です(F-LEGAL-005)。 5. 開示・訂正・削除 データ削除請求は 専用フォーム から受け付けます。
