[seed] ワークスペースを持つ既存ユーザーを 1 人つくる
       user=9121b07f-f570-41ac-87ff-7cc9ec483842 / ws=cc85a468-df3c-4acd-8428-a066e113c562 / refresh token を 2 本 (before/after) 発行済みにした

[0] 土台 — サインアウト前は refresh が通る
     POST /auth/refresh (before) -> 200
  OK   失効させる前は refresh が 200 で通る (この後の 401 が意味を持つ)

[1] 帰れない画面をなくした — t-uc-36〜40 にシェルが付いている
  OK   /t-uc-36 (通知センター) にナビがある — ブラウザの戻る以外で帰れる
  OK   /t-uc-36 (通知センター) にアカウントメニューがある
  OK   /t-uc-37 (プロフィール) にナビがある — ブラウザの戻る以外で帰れる
  OK   /t-uc-37 (プロフィール) にアカウントメニューがある
  OK   /t-uc-38 (ワークスペース切替) にナビがある — ブラウザの戻る以外で帰れる
  OK   /t-uc-38 (ワークスペース切替) にアカウントメニューがある
  OK   /t-uc-39 (プロジェクト切替) にナビがある — ブラウザの戻る以外で帰れる
  OK   /t-uc-39 (プロジェクト切替) にアカウントメニューがある
  OK   /t-uc-40 (検索) にナビがある — ブラウザの戻る以外で帰れる
  OK   /t-uc-40 (検索) にアカウントメニューがある

[2] 初回ウォークスルー (t-uc-35) は意図して素のまま
  OK   t-uc-35 のウォークスルーが実際に出ている (空の画面で判定していない)
  OK   t-uc-35 にはナビを出していない (全部に付けたのではない)

[3] 出る口がある — アバターがメニューになった
  OK   アバターを押すとメニューが開く
  OK   メニューに **サインアウト** がある (これまでアプリ本体に出る口が無かった)
  OK   プロフィールへの導線も残っている (置き換えで機能を減らしていない)

[4] 出る口が本当に効く — 押した後に何が消えるか
  OK   押すとサインイン画面に着地する (押して黙る、をしない)
     着地 URL: http://localhost:3100/signin
  OK   cookie (atelier_access) が消えている
     localStorage 残り: {"ws":null,"pj":null}
  OK   localStorage の前の人の文脈も消えている (共有 PC で次の人に見せない)
     POST /auth/refresh (after) -> 401
  OK   **サインアウト後は refresh token が通らない** (盗まれた token が生き続けない)

[5] 出た後に中へ戻れないこと (cookie を捨てただけで終わっていない)
  OK   サインアウト後に画面を直接開いてもサインインへ戻される

PASS: 帰れない画面が無くなり、出る口が本当に効いている
